npx : error: unknown option '--no-lint'
At line:1 char:1
+ npx next build --no-lint --no-type-check > build_output.txt 2>&1
+ ~~~~~~~~~~~~~~~~~~~~~~~~~~~~~~~~~~~~~~~~~~~~~~~~~~~~~~~~~~~~~~~~
    + CategoryInfo          : NotSpecified: (error: unknown option '--no-lint':String) [], RemoteException
    + FullyQualifiedErrorId : NativeCommandError
 
